
> frontend@0.0.0 build
> tsc -b && vite build

src/pages/LandingPage.tsx(6,5): error TS6133: 'CheckCheck' is declared but its value is never read.
src/pages/LandingPage.tsx(6,17): error TS6133: 'Clock' is declared but its value is never read.
src/pages/LandingPage.tsx(6,32): error TS6133: 'Mail' is declared but its value is never read.
src/pages/LandingPage.tsx(6,38): error TS2305: Module '"lucide-react"' has no exported member 'Twitter'.
src/pages/LandingPage.tsx(6,47): error TS2305: Module '"lucide-react"' has no exported member 'Instagram'.
src/pages/LandingPage.tsx(7,5): error TS2305: Module '"lucide-react"' has no exported member 'Linkedin'.
src/pages/LandingPage.tsx(7,15): error TS6133: 'Code' is declared but its value is never read.
src/pages/LandingPage.tsx(7,21): error TS6133: 'Phone' is declared but its value is never read.
src/pages/LandingPage.tsx(7,28): error TS6133: 'Server' is declared but its value is never read.
src/pages/LandingPage.tsx(7,36): error TS6133: 'Search' is declared but its value is never read.
src/pages/LandingPage.tsx(7,54): error TS6133: 'Users' is declared but its value is never read.
src/pages/LandingPage.tsx(7,61): error TS6133: 'MessageSquare' is declared but its value is never read.
